{"cause":{"commonWireVersion":0,"compatible":true,"heartbeatFrequencyMS":10000,"localThresholdMS":15,"logicalSessionTimeoutMinutes":null,"maxElectionId":null,"maxSetVersion":null,"servers":{"localhost:27017":{"$clusterTime":null,"address":"localhost:27017","arbiters":[],"electionId":null,"error":{"beforeHandshake":false,"errorLabelSet":{}},"hosts":[],"iscryptd":false,"lastUpdateTime":1341767,"lastWriteDate":0,"logicalSessionTimeoutMinutes":null,"maxBsonObjectSize":null,"maxMessageSizeBytes":null,"maxWireVersion":0,"maxWriteBatchSize":null,"me":null,"minRoundTripTime":0,"minWireVersion":0,"passives":[],"primary":null,"roundTripTime":-1,"setName":null,"setVersion":null,"tags":{},"topologyVersion":null,"type":"Unknown"}},"setName":null,"stale":false,"type":"Unknown"},"errorLabelSet":{},"level":"error","message":"connect ECONNREFUSED 127.0.0.1:27017, connect ECONNREFUSED ::1:27017","reason":{"commonWireVersion":0,"compatible":true,"heartbeatFrequencyMS":10000,"localThresholdMS":15,"logicalSessionTimeoutMinutes":null,"maxElectionId":null,"maxSetVersion":null,"servers":{"localhost:27017":{"$clusterTime":null,"address":"localhost:27017","arbiters":[],"electionId":null,"error":{"beforeHandshake":false,"errorLabelSet":{}},"hosts":[],"iscryptd":false,"lastUpdateTime":1341767,"lastWriteDate":0,"logicalSessionTimeoutMinutes":null,"maxBsonObjectSize":null,"maxMessageSizeBytes":null,"maxWireVersion":0,"maxWriteBatchSize":null,"me":null,"minRoundTripTime":0,"minWireVersion":0,"passives":[],"primary":null,"roundTripTime":-1,"setName":null,"setVersion":null,"tags":{},"topologyVersion":null,"type":"Unknown"}},"setName":null,"stale":false,"type":"Unknown"},"service":"property-monitor","stack":"MongooseServerSelectionError: connect ECONNREFUSED 127.0.0.1:27017, connect ECONNREFUSED ::1:27017\n    at _handleConnectionErrors (/Users/MAC-RAC-29/Assesment problem statement/backend/node_modules/mongoose/lib/connection.js:1169:11)\n    at NativeConnection.openUri (/Users/MAC-RAC-29/Assesment problem statement/backend/node_modules/mongoose/lib/connection.js:1100:11)","timestamp":"2026-01-28 10:10:24"}
{"cause":{"commonWireVersion":0,"compatible":true,"heartbeatFrequencyMS":10000,"localThresholdMS":15,"logicalSessionTimeoutMinutes":null,"maxElectionId":null,"maxSetVersion":null,"servers":{"localhost:27017":{"$clusterTime":null,"address":"localhost:27017","arbiters":[],"electionId":null,"error":{"beforeHandshake":false,"errorLabelSet":{}},"hosts":[],"iscryptd":false,"lastUpdateTime":1384487,"lastWriteDate":0,"logicalSessionTimeoutMinutes":null,"maxBsonObjectSize":null,"maxMessageSizeBytes":null,"maxWireVersion":0,"maxWriteBatchSize":null,"me":null,"minRoundTripTime":0,"minWireVersion":0,"passives":[],"primary":null,"roundTripTime":-1,"setName":null,"setVersion":null,"tags":{},"topologyVersion":null,"type":"Unknown"}},"setName":null,"stale":false,"type":"Unknown"},"errorLabelSet":{},"level":"error","message":"connect ECONNREFUSED 127.0.0.1:27017, connect ECONNREFUSED ::1:27017","reason":{"commonWireVersion":0,"compatible":true,"heartbeatFrequencyMS":10000,"localThresholdMS":15,"logicalSessionTimeoutMinutes":null,"maxElectionId":null,"maxSetVersion":null,"servers":{"localhost:27017":{"$clusterTime":null,"address":"localhost:27017","arbiters":[],"electionId":null,"error":{"beforeHandshake":false,"errorLabelSet":{}},"hosts":[],"iscryptd":false,"lastUpdateTime":1384487,"lastWriteDate":0,"logicalSessionTimeoutMinutes":null,"maxBsonObjectSize":null,"maxMessageSizeBytes":null,"maxWireVersion":0,"maxWriteBatchSize":null,"me":null,"minRoundTripTime":0,"minWireVersion":0,"passives":[],"primary":null,"roundTripTime":-1,"setName":null,"setVersion":null,"tags":{},"topologyVersion":null,"type":"Unknown"}},"setName":null,"stale":false,"type":"Unknown"},"service":"property-monitor","stack":"MongooseServerSelectionError: connect ECONNREFUSED 127.0.0.1:27017, connect ECONNREFUSED ::1:27017\n    at _handleConnectionErrors (/Users/MAC-RAC-29/Assesment problem statement/backend/node_modules/mongoose/lib/connection.js:1169:11)\n    at NativeConnection.openUri (/Users/MAC-RAC-29/Assesment problem statement/backend/node_modules/mongoose/lib/connection.js:1100:11)","timestamp":"2026-01-28 10:11:07"}
{"cause":{"commonWireVersion":0,"compatible":true,"heartbeatFrequencyMS":10000,"localThresholdMS":15,"logicalSessionTimeoutMinutes":null,"maxElectionId":null,"maxSetVersion":null,"servers":{"localhost:27017":{"$clusterTime":null,"address":"localhost:27017","arbiters":[],"electionId":null,"error":{"beforeHandshake":false,"errorLabelSet":{}},"hosts":[],"iscryptd":false,"lastUpdateTime":1422220,"lastWriteDate":0,"logicalSessionTimeoutMinutes":null,"maxBsonObjectSize":null,"maxMessageSizeBytes":null,"maxWireVersion":0,"maxWriteBatchSize":null,"me":null,"minRoundTripTime":0,"minWireVersion":0,"passives":[],"primary":null,"roundTripTime":-1,"setName":null,"setVersion":null,"tags":{},"topologyVersion":null,"type":"Unknown"}},"setName":null,"stale":false,"type":"Unknown"},"errorLabelSet":{},"level":"error","message":"connect ECONNREFUSED 127.0.0.1:27017, connect ECONNREFUSED ::1:27017","reason":{"commonWireVersion":0,"compatible":true,"heartbeatFrequencyMS":10000,"localThresholdMS":15,"logicalSessionTimeoutMinutes":null,"maxElectionId":null,"maxSetVersion":null,"servers":{"localhost:27017":{"$clusterTime":null,"address":"localhost:27017","arbiters":[],"electionId":null,"error":{"beforeHandshake":false,"errorLabelSet":{}},"hosts":[],"iscryptd":false,"lastUpdateTime":1422220,"lastWriteDate":0,"logicalSessionTimeoutMinutes":null,"maxBsonObjectSize":null,"maxMessageSizeBytes":null,"maxWireVersion":0,"maxWriteBatchSize":null,"me":null,"minRoundTripTime":0,"minWireVersion":0,"passives":[],"primary":null,"roundTripTime":-1,"setName":null,"setVersion":null,"tags":{},"topologyVersion":null,"type":"Unknown"}},"setName":null,"stale":false,"type":"Unknown"},"service":"property-monitor","stack":"MongooseServerSelectionError: connect ECONNREFUSED 127.0.0.1:27017, connect ECONNREFUSED ::1:27017\n    at _handleConnectionErrors (/Users/MAC-RAC-29/Assesment problem statement/backend/node_modules/mongoose/lib/connection.js:1169:11)\n    at NativeConnection.openUri (/Users/MAC-RAC-29/Assesment problem statement/backend/node_modules/mongoose/lib/connection.js:1100:11)","timestamp":"2026-01-28 10:11:45"}
{"level":"info","message":"MongoDB connected successfully","service":"property-monitor","timestamp":"2026-01-28 10:18:13"}
{"level":"info","message":"Redis connected successfully","service":"property-monitor","timestamp":"2026-01-28 10:18:13"}
{"level":"info","message":"Workers initialized successfully","service":"property-monitor","timestamp":"2026-01-28 10:18:13"}
{"level":"info","message":"Schedulers initialized successfully","service":"property-monitor","timestamp":"2026-01-28 10:18:13"}
{"level":"info","message":"Server running on port 3000 in development mode","service":"property-monitor","timestamp":"2026-01-28 10:18:13"}
{"level":"info","message":"Redis client connected","service":"property-monitor","timestamp":"2026-01-28 10:18:13"}
{"ip":"::1","level":"info","message":"POST /api/auth/login","service":"property-monitor","timestamp":"2026-01-28 10:18:22"}
{"ip":"::1","level":"info","message":"POST /api/auth/login","service":"property-monitor","timestamp":"2026-01-28 10:18:46"}
{"ip":"::1","level":"info","message":"POST /api/auth/register","service":"property-monitor","timestamp":"2026-01-28 10:19:21"}
{"ip":"::1","level":"info","message":"GET /api/properties","service":"property-monitor","timestamp":"2026-01-28 10:19:22"}
{"ip":"::1","level":"info","message":"GET /api/email-accounts","service":"property-monitor","timestamp":"2026-01-28 10:19:29"}
{"ip":"::1","level":"info","message":"GET /api/reports","service":"property-monitor","timestamp":"2026-01-28 10:19:35"}
{"level":"info","message":"Running scheduled email monitoring","service":"property-monitor","timestamp":"2026-01-28 10:30:00"}
{"level":"info","message":"Scheduled email monitoring for 0 accounts","service":"property-monitor","timestamp":"2026-01-28 10:30:00"}
{"level":"info","message":"Running scheduled email monitoring","service":"property-monitor","timestamp":"2026-01-28 10:45:00"}
{"level":"info","message":"Scheduled email monitoring for 0 accounts","service":"property-monitor","timestamp":"2026-01-28 10:45:00"}
{"level":"info","message":"Running scheduled email monitoring","service":"property-monitor","timestamp":"2026-01-28 11:00:00"}
{"level":"info","message":"Scheduled email monitoring for 0 accounts","service":"property-monitor","timestamp":"2026-01-28 11:00:00"}
{"level":"info","message":"Running scheduled email monitoring","service":"property-monitor","timestamp":"2026-01-28 11:15:00"}
{"level":"info","message":"Scheduled email monitoring for 0 accounts","service":"property-monitor","timestamp":"2026-01-28 11:15:00"}
{"level":"info","message":"Running scheduled email monitoring","service":"property-monitor","timestamp":"2026-01-28 11:30:00"}
{"level":"info","message":"Scheduled email monitoring for 0 accounts","service":"property-monitor","timestamp":"2026-01-28 11:30:00"}
{"level":"info","message":"Running scheduled email monitoring","service":"property-monitor","timestamp":"2026-01-28 12:00:00"}
{"level":"info","message":"Scheduled email monitoring for 0 accounts","service":"property-monitor","timestamp":"2026-01-28 12:00:00"}
{"level":"info","message":"Running scheduled email monitoring","service":"property-monitor","timestamp":"2026-01-28 12:15:00"}
{"level":"info","message":"Scheduled email monitoring for 0 accounts","service":"property-monitor","timestamp":"2026-01-28 12:15:00"}
{"level":"info","message":"Running scheduled email monitoring","service":"property-monitor","timestamp":"2026-01-28 12:30:00"}
{"level":"info","message":"Scheduled email monitoring for 0 accounts","service":"property-monitor","timestamp":"2026-01-28 12:30:00"}
{"level":"info","message":"Running scheduled email monitoring","service":"property-monitor","timestamp":"2026-01-28 12:45:00"}
{"level":"info","message":"Scheduled email monitoring for 0 accounts","service":"property-monitor","timestamp":"2026-01-28 12:45:00"}
{"level":"info","message":"Running scheduled email monitoring","service":"property-monitor","timestamp":"2026-01-28 13:00:00"}
{"level":"info","message":"Scheduled email monitoring for 0 accounts","service":"property-monitor","timestamp":"2026-01-28 13:00:00"}
{"level":"info","message":"Running scheduled email monitoring","service":"property-monitor","timestamp":"2026-01-28 13:15:00"}
{"level":"info","message":"Scheduled email monitoring for 0 accounts","service":"property-monitor","timestamp":"2026-01-28 13:15:00"}
{"level":"info","message":"Running scheduled email monitoring","service":"property-monitor","timestamp":"2026-01-28 13:30:00"}
{"level":"info","message":"Scheduled email monitoring for 0 accounts","service":"property-monitor","timestamp":"2026-01-28 13:30:00"}
{"level":"info","message":"Running scheduled email monitoring","service":"property-monitor","timestamp":"2026-01-28 13:45:00"}
{"level":"info","message":"Scheduled email monitoring for 0 accounts","service":"property-monitor","timestamp":"2026-01-28 13:45:00"}
{"level":"info","message":"Running scheduled email monitoring","service":"property-monitor","timestamp":"2026-01-28 14:00:00"}
{"level":"info","message":"Scheduled email monitoring for 0 accounts","service":"property-monitor","timestamp":"2026-01-28 14:00:00"}
{"level":"info","message":"Running scheduled email monitoring","service":"property-monitor","timestamp":"2026-01-28 15:00:00"}
{"level":"info","message":"Scheduled email monitoring for 0 accounts","service":"property-monitor","timestamp":"2026-01-28 15:00:00"}
{"level":"info","message":"Running scheduled email monitoring","service":"property-monitor","timestamp":"2026-01-28 15:15:00"}
{"level":"info","message":"Scheduled email monitoring for 0 accounts","service":"property-monitor","timestamp":"2026-01-28 15:15:00"}
{"level":"info","message":"Running scheduled email monitoring","service":"property-monitor","timestamp":"2026-01-28 15:30:00"}
{"level":"info","message":"Scheduled email monitoring for 0 accounts","service":"property-monitor","timestamp":"2026-01-28 15:30:00"}
{"level":"info","message":"Running scheduled email monitoring","service":"property-monitor","timestamp":"2026-01-28 15:45:00"}
{"level":"info","message":"Scheduled email monitoring for 0 accounts","service":"property-monitor","timestamp":"2026-01-28 15:45:00"}
